<beep>/cast-w16-sexp.c
<beep>/cast-w16-sexp.c(514,1-4): Breakpoint reached.
