<beep>.c
<beep>.c(<beep>,<beep>): Breakpoint reached.
