<beep>/post_cond_no_type_confusion.c
<beep>/post_cond_no_type_confusion.c(815,1-4): Breakpoint reached.
