<beep>/empty-map-vec-dchain-coherent-call.c
<beep>/empty-map-vec-dchain-coherent-call.c(<beep>,<beep>): Breakpoint reached.
