<beep>/mvc-coherent-key-abscent.c
<beep>/mvc-coherent-key-abscent.c(<beep>,<beep>): Breakpoint reached.
