<beep>/support-sexp-or.c
<beep>/support-sexp-or.c(325,1-4): Breakpoint reached.
