<beep>/bridge-pointer-coherence-between-map-and-vector.c
<beep>/bridge-pointer-coherence-between-map-and-vector.c(<beep>,<beep>): Breakpoint reached.
