<beep>/basic-negative.c
<beep>/basic-negative.c(177,12-17): Assertion might not hold: false
