<beep>/basic.c
<beep>/basic.c(145,1-4): Breakpoint reached.
