<beep>/hide-mapp-predicate.c
<beep>/hide-mapp-predicate.c(454,1-4): Breakpoint reached.
