<beep>/post_conds_of_extra_ptrs.c
<beep>/post_conds_of_extra_ptrs.c(531,1-4): Breakpoint reached.
